============================= test session starts ==============================
platform darwin -- Python 3.13.3, pytest-9.0.1, pluggy-1.6.0 -- /opt/homebrew/opt/python@3.13/bin/python3.13
cachedir: .pytest_cache
rootdir: /Users/V-Personal/Desktop/SWENG PROJECTS/SWENG-411-Final-Project/backend
plugins: anyio-4.11.0, timeout-2.4.0
collecting ... collected 92 items

tests/test_gap_calculation.py::TestCalculateDynamicGap::test_enough_from_primary_pool PASSED [  1%]
tests/test_gap_calculation.py::TestCalculateDynamicGap::test_some_from_primary_some_from_secondary PASSED [  2%]
tests/test_gap_calculation.py::TestCalculateDynamicGap::test_not_enough_from_primary PASSED [  3%]
tests/test_gap_calculation.py::TestCalculateDynamicGap::test_none_from_primary PASSED [  4%]
tests/test_gap_calculation.py::TestCalculateDynamicGap::test_missing_constraints PASSED [  5%]
tests/test_gap_calculation.py::TestCalculateProgramGap::test_rule_type_all_all_completed PASSED [  6%]
tests/test_gap_calculation.py::TestCalculateProgramGap::test_rule_type_all_some_missing PASSED [  7%]
tests/test_gap_calculation.py::TestCalculateProgramGap::test_rule_type_subset_enough_credits PASSED [  8%]
tests/test_gap_calculation.py::TestCalculateProgramGap::test_rule_type_subset_not_enough_credits PASSED [  9%]
tests/test_gap_calculation.py::TestCalculateProgramGap::test_rule_type_dynamic_subset PASSED [ 10%]
tests/test_gap_calculation.py::TestCalculateProgramGap::test_rule_type_group_option PASSED [ 11%]
tests/test_gap_calculation.py::TestCalculateProgramGap::test_empty_history PASSED [ 13%]
tests/test_gap_calculation.py::TestCalculateProgramGap::test_major_courses_covered PASSED [ 14%]
tests/test_integration.py::TestRealWorldScenarios::test_business_minor_with_econ_442_471 PASSED [ 15%]
tests/test_integration.py::TestRealWorldScenarios::test_economics_minor_with_400_level_econ PASSED [ 16%]
tests/test_integration.py::TestRealWorldScenarios::test_deep_prerequisite_chain PASSED [ 17%]
tests/test_integration.py::TestRealWorldScenarios::test_group_option_accounting_foundation PASSED [ 18%]
tests/test_integration.py::TestRealWorldScenarios::test_group_option_option_a_completed PASSED [ 19%]
tests/test_integration.py::TestEdgeCases::test_empty_history PASSED      [ 20%]
tests/test_integration.py::TestEdgeCases::test_empty_major PASSED        [ 21%]
tests/test_integration.py::TestEdgeCases::test_malformed_course_codes PASSED [ 22%]
tests/test_integration.py::TestEdgeCases::test_missing_course_data PASSED [ 23%]
tests/test_integration.py::TestEdgeCases::test_missing_program_rules PASSED [ 25%]
tests/test_integration.py::TestEdgeCases::test_circular_prerequisites PASSED [ 26%]
tests/test_integration.py::TestPerformance::test_large_course_history PASSED [ 27%]
tests/test_integration.py::TestPerformance::test_deep_prerequisite_chain_performance PASSED [ 28%]
tests/test_integration.py::TestPerformance::test_many_dynamic_subset_rules PASSED [ 29%]
tests/test_overlap_calculation.py::TestCalculateOverlapCount::test_all_courses_match PASSED [ 30%]
tests/test_overlap_calculation.py::TestCalculateOverlapCount::test_some_courses_match PASSED [ 31%]
tests/test_overlap_calculation.py::TestCalculateOverlapCount::test_no_matches PASSED [ 32%]
tests/test_overlap_calculation.py::TestCalculateOverlapCount::test_duplicate_courses_in_history PASSED [ 33%]
tests/test_overlap_calculation.py::TestCalculateOverlapCount::test_dynamic_subset_primary_pool PASSED [ 34%]
tests/test_overlap_calculation.py::TestCalculateOverlapCount::test_dynamic_subset_secondary_pool PASSED [ 35%]
tests/test_overlap_calculation.py::TestCalculateOverlapCount::test_rule_type_all PASSED [ 36%]
tests/test_overlap_calculation.py::TestCalculateOverlapCount::test_rule_type_subset PASSED [ 38%]
tests/test_overlap_calculation.py::TestCalculateOverlapCount::test_rule_type_group_option PASSED [ 39%]
tests/test_overlap_calculation.py::TestCalculateOverlapCount::test_major_courses_included PASSED [ 40%]
tests/test_overlap_calculation.py::TestCalculateOverlapCount::test_performance_large_history PASSED [ 41%]
tests/test_prerequisite_logic.py::TestCourseSatisfiesPrerequisite::test_tier1_exact_match PASSED [ 42%]
tests/test_prerequisite_logic.py::TestCourseSatisfiesPrerequisite::test_tier1_no_match FAILED [ 43%]
tests/test_prerequisite_logic.py::TestCourseSatisfiesPrerequisite::test_tier2_equivalency_match PASSED [ 44%]
tests/test_prerequisite_logic.py::TestCourseSatisfiesPrerequisite::test_tier3_hierarchy_match PASSED [ 45%]
tests/test_prerequisite_logic.py::TestCourseSatisfiesPrerequisite::test_tier3_hierarchy_no_match_lower_level PASSED [ 46%]
tests/test_prerequisite_logic.py::TestCourseSatisfiesPrerequisite::test_empty_history PASSED [ 47%]
tests/test_prerequisite_logic.py::TestCourseSatisfiesPrerequisite::test_no_equivalency_map PASSED [ 48%]
tests/test_prerequisite_logic.py::TestParsePrerequisitesToTree::test_simple_prerequisite PASSED [ 50%]
tests/test_prerequisite_logic.py::TestParsePrerequisitesToTree::test_multiple_and_prerequisites PASSED [ 51%]
tests/test_prerequisite_logic.py::TestParsePrerequisitesToTree::test_or_prerequisites PASSED [ 52%]
tests/test_prerequisite_logic.py::TestParsePrerequisitesToTree::test_complex_prerequisites PASSED [ 53%]
tests/test_prerequisite_logic.py::TestParsePrerequisitesToTree::test_none_input PASSED [ 54%]
tests/test_prerequisite_logic.py::TestParsePrerequisitesToTree::test_empty_string PASSED [ 55%]
tests/test_prerequisite_logic.py::TestParsePrerequisitesToTree::test_none_keyword PASSED [ 56%]
tests/test_prerequisite_logic.py::TestParsePrerequisitesToTree::test_with_recommended_preparation PASSED [ 57%]
tests/test_prerequisite_logic.py::TestCalculateRecursiveCost::test_course_already_taken PASSED [ 58%]
tests/test_prerequisite_logic.py::TestCalculateRecursiveCost::test_course_no_prerequisites PASSED [ 59%]
tests/test_prerequisite_logic.py::TestCalculateRecursiveCost::test_course_with_one_prerequisite PASSED [ 60%]
tests/test_prerequisite_logic.py::TestCalculateRecursiveCost::test_course_with_deep_prerequisites PASSED [ 61%]
tests/test_prerequisite_logic.py::TestCalculateRecursiveCost::test_course_not_in_database PASSED [ 63%]
tests/test_prerequisite_logic.py::TestCalculateRecursiveCost::test_circular_prerequisites PASSED [ 64%]
tests/test_triple_dip.py::TestFindTripleDips::test_course_with_matching_gened PASSED [ 65%]
tests/test_triple_dip.py::TestFindTripleDips::test_course_from_primary_pool_with_gened PASSED [ 66%]
tests/test_triple_dip.py::TestFindTripleDips::test_course_from_secondary_pool_with_gened PASSED [ 67%]
tests/test_triple_dip.py::TestFindTripleDips::test_multiple_matching_attributes PASSED [ 68%]
tests/test_triple_dip.py::TestFindTripleDips::test_no_matches PASSED     [ 69%]
tests/test_triple_dip.py::TestFindTripleDips::test_empty_gened_needs PASSED [ 70%]
tests/test_triple_dip.py::TestFindTripleDips::test_course_not_in_database PASSED [ 71%]
tests/test_triple_dip.py::TestFindTripleDips::test_dynamic_subset_secondary_pool_only PASSED [ 72%]
tests/test_utils.py::TestNormalizeCode::test_normalize_with_space PASSED [ 73%]
tests/test_utils.py::TestNormalizeCode::test_normalize_lowercase PASSED  [ 75%]
tests/test_utils.py::TestNormalizeCode::test_normalize_double_space PASSED [ 76%]
tests/test_utils.py::TestNormalizeCode::test_normalize_empty_string PASSED [ 77%]
tests/test_utils.py::TestNormalizeCode::test_normalize_whitespace_only PASSED [ 78%]
tests/test_utils.py::TestNormalizeCode::test_normalize_none PASSED       [ 79%]
tests/test_utils.py::TestNormalizeCode::test_normalize_no_space PASSED   [ 80%]
tests/test_utils.py::TestNormalizeCode::test_normalize_special_chars PASSED [ 81%]
tests/test_utils.py::TestParseCourseString::test_parse_with_space PASSED [ 82%]
tests/test_utils.py::TestParseCourseString::test_parse_no_space PASSED   [ 83%]
tests/test_utils.py::TestParseCourseString::test_parse_with_letter_suffix PASSED [ 84%]
tests/test_utils.py::TestParseCourseString::test_parse_invalid_no_dept PASSED [ 85%]
tests/test_utils.py::TestParseCourseString::test_parse_empty_string PASSED [ 86%]
tests/test_utils.py::TestParseCourseString::test_parse_numbers_only PASSED [ 88%]
tests/test_utils.py::TestParseCourseString::test_parse_none PASSED       [ 89%]
tests/test_utils.py::TestGetCourseCredits::test_course_exists_with_float_credits PASSED [ 90%]
tests/test_utils.py::TestGetCourseCredits::test_course_exists_with_range_credits PASSED [ 91%]
tests/test_utils.py::TestGetCourseCredits::test_course_exists_with_decimal_credits PASSED [ 92%]
tests/test_utils.py::TestGetCourseCredits::test_course_not_in_database PASSED [ 93%]
tests/test_utils.py::TestGetCourseCredits::test_course_with_none_credits PASSED [ 94%]
tests/test_utils.py::TestGetCourseCredits::test_course_with_custom_default PASSED [ 95%]
tests/test_utils.py::TestGetCoursePrereqs::test_course_with_prerequisites PASSED [ 96%]
tests/test_utils.py::TestGetCoursePrereqs::test_course_without_prerequisites FAILED [ 97%]
tests/test_utils.py::TestGetCoursePrereqs::test_course_not_in_database PASSED [ 98%]
tests/test_utils.py::TestGetCoursePrereqs::test_course_missing_prereqs_key PASSED [100%]

=================================== FAILURES ===================================
E   assert True is False
/Users/V-Personal/Desktop/SWENG PROJECTS/SWENG-411-Final-Project/backend/tests/test_prerequisite_logic.py:22: assert True is False
E   AssertionError: assert '' == 'No prerequisites listed.'
      
      - No prerequisites listed.
/Users/V-Personal/Desktop/SWENG PROJECTS/SWENG-411-Final-Project/backend/tests/test_utils.py:115: AssertionError: assert '' == 'No prerequisites listed.'
=========================== short test summary info ============================
FAILED tests/test_prerequisite_logic.py::TestCourseSatisfiesPrerequisite::test_tier1_no_match
FAILED tests/test_utils.py::TestGetCoursePrereqs::test_course_without_prerequisites
========================= 2 failed, 90 passed in 0.06s =========================
